17:17:55 **** Build of configuration Debug for project Atelier2_vitis ****
make all 
make --no-print-directory pre-build
a9-linaro-pre-build-step
' '
make --no-print-directory main-build
'Building file: ../src/main.c'
'Invoking: ARM v7 gcc compiler'
arm-none-eabi-gcc -Wall -O0 -g3 -c -fmessage-length=0 -MT"src/main.o" -mcpu=cortex-a9 -mfpu=vfpv3 -mfloat-abi=hard -IC:/Users/freed/Desktop/Atelier2/Atelier2/Atelier2_bd_wrapper/export/Atelier2_bd_wrapper/sw/Atelier2_bd_wrapper/standalone_ps7_cortexa9_0/bspinclude/include -MMD -MP -MF"src/main.d" -MT"src/main.o" -o "src/main.o" "../src/main.c"
'Finished building: ../src/main.c'
' '
'Building file: ../src/scaler.c'
'Invoking: ARM v7 gcc compiler'
arm-none-eabi-gcc -Wall -O0 -g3 -c -fmessage-length=0 -MT"src/scaler.o" -mcpu=cortex-a9 -mfpu=vfpv3 -mfloat-abi=hard -IC:/Users/freed/Desktop/Atelier2/Atelier2/Atelier2_bd_wrapper/export/Atelier2_bd_wrapper/sw/Atelier2_bd_wrapper/standalone_ps7_cortexa9_0/bspinclude/include -MMD -MP -MF"src/scaler.d" -MT"src/scaler.o" -o "src/scaler.o" "../src/scaler.c"
'Finished building: ../src/scaler.c'
' '
'Building target: Atelier2_vitis.elf'
'Invoking: ARM v7 gcc linker'
arm-none-eabi-gcc -mcpu=cortex-a9 -mfpu=vfpv3 -mfloat-abi=hard -Wl,-build-id=none -specs=Xilinx.spec -Wl,-T -Wl,../src/lscript.ld -LC:/Users/freed/Desktop/Atelier2/Atelier2/Atelier2_bd_wrapper/export/Atelier2_bd_wrapper/sw/Atelier2_bd_wrapper/standalone_ps7_cortexa9_0/bsplib/lib -o "Atelier2_vitis.elf"  ./src/main.o ./src/scaler.o   -Wl,--start-group,-lxil,-lgcc,-lc,--end-group
'Finished building target: Atelier2_vitis.elf'
' '
'Invoking: ARM v7 Print Size'
arm-none-eabi-size Atelier2_vitis.elf  |tee "Atelier2_vitis.elf.size"
   text	   data	    bss	    dec	    hex	filename
 166476	   1344	 160848	 328668	  503dc	Atelier2_vitis.elf
'Finished building: Atelier2_vitis.elf.size'
' '

17:17:56 Build Finished (took 994ms)

